
There are no discarded input sections

Memory Configuration

Name             Origin             Length             Attributes
FLASH            0x00000000         0x00020000         xr
RAM              0x20000000         0x00004000         xrw
*default*        0x00000000         0xffffffff

Linker script and memory map

LOAD main.o
LOAD psoc_startup.o
START GROUP
LOAD C:/Program Files (x86)/Arm GNU Toolchain arm-none-eabi/13.2 Rel1/bin/../lib/gcc/arm-none-eabi/13.2.1/thumb/v6-m/nofp\libgcc.a
LOAD C:/Program Files (x86)/Arm GNU Toolchain arm-none-eabi/13.2 Rel1/bin/../lib/gcc/arm-none-eabi/13.2.1/thumb/v6-m/nofp\libc.a
END GROUP
                0x20004000                        _estack = (ORIGIN (RAM) + LENGTH (RAM))

.isr_vector     0x00000000       0xb0
                0x00000000                        . = ALIGN (0x4)
 *(.isr_vector)
 .isr_vector    0x00000000       0xb0 psoc_startup.o
                0x00000000                vector_table
                0x000000b0                        . = ALIGN (0x4)

.text           0x000000b0      0x10c
                0x000000b0                        . = ALIGN (0x4)
 *(.text)
 .text          0x000000b0       0xa8 main.o
                0x000000b0                main
 .text          0x00000158       0x64 psoc_startup.o
                0x00000158                Reset_Handler
                0x000001b4                Default_Handler
 *(.text*)
 *(.rodata)
 *(.rodata*)
                0x000001bc                        . = ALIGN (0x4)
                0x000001bc                        _etext = .
                0x000001bc                        _sidata = LOADADDR (.data)

.glue_7         0x000001bc        0x0
 .glue_7        0x000001bc        0x0 linker stubs

.glue_7t        0x000001bc        0x0
 .glue_7t       0x000001bc        0x0 linker stubs

.vfp11_veneer   0x000001bc        0x0
 .vfp11_veneer  0x000001bc        0x0 linker stubs

.v4_bx          0x000001bc        0x0
 .v4_bx         0x000001bc        0x0 linker stubs

.iplt           0x000001bc        0x0
 .iplt          0x000001bc        0x0 main.o

.rel.dyn        0x000001bc        0x0
 .rel.iplt      0x000001bc        0x0 main.o

.data           0x20000000        0xc load address 0x000001bc
                0x20000000                        . = ALIGN (0x4)
                0x20000000                        _sdata = .
 *(.data)
 .data          0x20000000        0xc main.o
                0x20000000                HSIOM_PORT_SEL1
                0x20000004                GPIO_PORT1_PC
                0x20000008                GPIO_PORT1_DR
 .data          0x2000000c        0x0 psoc_startup.o
 *(.data*)
                0x2000000c                        . = ALIGN (0x4)
                0x2000000c                        _edata = .

.igot.plt       0x2000000c        0x0 load address 0x000001c8
 .igot.plt      0x2000000c        0x0 main.o

.bss            0x2000000c        0x0 load address 0x000001c8
                0x2000000c                        . = ALIGN (0x4)
                0x2000000c                        _sbss = .
 *(.bss)
 .bss           0x2000000c        0x0 main.o
 .bss           0x2000000c        0x0 psoc_startup.o
 *(.bss*)
 *(COMMON)
                0x2000000c                        . = ALIGN (0x4)
                0x2000000c                        _ebss = .

._user_heap_stack
                0x2000000c      0x404 load address 0x000001c8
                0x20000010                        . = ALIGN (0x8)
 *fill*         0x2000000c        0x4 
                0x20000410                        . = (. + 0x400)
 *fill*         0x20000010      0x400 
OUTPUT(blinky.elf elf32-littlearm)
LOAD linker stubs

.debug_info     0x00000000      0x247
 .debug_info    0x00000000      0x10a main.o
 .debug_info    0x0000010a      0x13d psoc_startup.o

.debug_abbrev   0x00000000      0x17e
 .debug_abbrev  0x00000000       0xa0 main.o
 .debug_abbrev  0x000000a0       0xde psoc_startup.o

.debug_aranges  0x00000000       0x40
 .debug_aranges
                0x00000000       0x20 main.o
 .debug_aranges
                0x00000020       0x20 psoc_startup.o

.debug_line     0x00000000      0x2ab
 .debug_line    0x00000000      0x163 main.o
 .debug_line    0x00000163      0x148 psoc_startup.o

.debug_str      0x00000000      0x15c
 .debug_str     0x00000000      0x15c main.o
                                0x135 (size before relaxing)
 .debug_str     0x0000015c      0x166 psoc_startup.o

.comment        0x00000000       0x44
 .comment       0x00000000       0x44 main.o
                                 0x45 (size before relaxing)
 .comment       0x00000044       0x45 psoc_startup.o

.ARM.attributes
                0x00000000       0x2c
 .ARM.attributes
                0x00000000       0x2c main.o
 .ARM.attributes
                0x0000002c       0x2c psoc_startup.o

.debug_frame    0x00000000       0x7c
 .debug_frame   0x00000000       0x30 main.o
 .debug_frame   0x00000030       0x4c psoc_startup.o
